0 verbose cli /usr/local/bin/node /usr/local/lib/node_modules/npm/bin/npm-cli.js
1 info using npm@11.19.0
2 info using node@v24.20.0
3 silly config load:file:/usr/local/lib/node_modules/npm/npmrc
4 silly config load:file:/workspace/.npmrc
5 silly config load:file:/home/adw/.npmrc
6 silly config load:file:/usr/local/etc/npmrc
7 verbose title npm exec lint-staged
8 verbose argv "exec" "--" "lint-staged"
9 verbose logfile logs-max:10 dir:/workspace/.npm-cache/_logs/2026-08-29T07_08_13_388Z-
10 verbose logfile /workspace/.npm-cache/_logs/2026-08-29T07_08_13_388Z-debug-0.log
11 warn Unknown env config "store-dir". This will stop working in the next major version of npm. See `npm help npmrc` for supported config options.
12 warn Unknown project config "auto-install-peers". This will stop working in the next major version of npm. See `npm help npmrc` for supported config options.
13 warn Unknown project config "strict-peer-dependencies". This will stop working in the next major version of npm. See `npm help npmrc` for supported config options.
14 silly logfile done cleaning log files
15 http fetch GET 200 https://registry.npmjs.org/npm 201ms
16 verbose cwd /workspace
17 verbose os Linux 6.18.33.2-microsoft-standard-WSL2
18 verbose node v24.20.0
19 verbose npm  v11.19.0
20 notice
20 notice New major version of npm available! 11.19.0 -> 12.0.2
20 notice Changelog: https://github.com/npm/cli/releases/tag/v12.0.2
20 notice To update run: npm install -g npm@12.0.2
20 notice  { force: true, Symbol(proc-log.meta): true }
21 verbose exit 0
22 info ok
